2025-09-03 11:17:18,069 INFO jobhunter: Starting Flask app on 0.0.0.0:8000
2025-09-03 11:17:34,348 INFO jobhunter: Starting Flask app on 0.0.0.0:8000
2025-09-03 11:17:38,676 DEBUG jobhunter: Received POST request for /
2025-09-03 11:17:38,676 DEBUG jobhunter: Form raw inputs: keywords=frontend developer, full stack developer, front end engineer hours=48
2025-09-03 11:17:38,677 DEBUG jobhunter: Normalized keywords: frontend developer, full stack developer, front end engineer -> ['frontend developer', 'full stack developer', 'front end engineer']
2025-09-03 11:17:38,677 INFO jobhunter: Searching with tags=['frontend developer', 'full stack developer', 'front end engineer'] max_age_seconds=172800
2025-09-03 11:17:38,677 INFO jobhunter: Calling source: fetch_remoteok
2025-09-03 11:17:38,677 DEBUG jobhunter: fetch_remoteok start: keywords=['frontend developer', 'full stack developer', 'front end engineer'] max_age_seconds=172800
2025-09-03 11:17:38,850 DEBUG jobhunter: remoteok status_code=200
2025-09-03 11:17:38,851 DEBUG jobhunter: remoteok total items=98
2025-09-03 11:17:38,853 DEBUG jobhunter: fetch_remoteok found=0
2025-09-03 11:17:38,854 INFO jobhunter: Source fetch_remoteok returned 0 items
2025-09-03 11:17:38,854 INFO jobhunter: Calling source: fetch_remoteio
2025-09-03 11:17:38,854 DEBUG jobhunter: fetch_remoteio start: keywords=['frontend developer', 'full stack developer', 'front end engineer'] max_age_seconds=172800
2025-09-03 11:17:39,184 DEBUG jobhunter: remoteio total items=0
2025-09-03 11:17:39,184 DEBUG jobhunter: fetch_remoteio found=0
2025-09-03 11:17:39,185 INFO jobhunter: Source fetch_remoteio returned 0 items
2025-09-03 11:17:39,185 INFO jobhunter: Calling source: fetch_working_nomads
2025-09-03 11:17:39,185 DEBUG jobhunter: fetch_working_nomads start: keywords=['frontend developer', 'full stack developer', 'front end engineer'] max_age_seconds=172800
2025-09-03 11:17:41,925 DEBUG jobhunter: workingnomads status_code=200
2025-09-03 11:17:41,926 DEBUG jobhunter: workingnomads total items=34
2025-09-03 11:17:41,926 DEBUG jobhunter: fetch_working_nomads found=0
2025-09-03 11:17:41,927 INFO jobhunter: Source fetch_working_nomads returned 0 items
2025-09-03 11:17:41,928 INFO jobhunter: Calling source: fetch_weworkremotely
2025-09-03 11:17:41,928 DEBUG jobhunter: fetch_weworkremotely start: keywords=['frontend developer', 'full stack developer', 'front end engineer'] max_age_seconds=172800
2025-09-03 11:17:42,396 DEBUG jobhunter: weworkremotely total items=25
2025-09-03 11:17:42,398 DEBUG jobhunter: fetch_weworkremotely found=0
2025-09-03 11:17:42,425 INFO jobhunter: Source fetch_weworkremotely returned 0 items
2025-09-03 11:17:42,425 INFO jobhunter: Total results after aggregation: 0
2025-09-03 11:20:33,085 DEBUG jobhunter: Received POST request for /
2025-09-03 11:20:33,086 DEBUG jobhunter: Form raw inputs: keywords=frontend developer, full stack developer, front end engineer, frontend, front end, front-end hours=168
2025-09-03 11:20:33,086 DEBUG jobhunter: Normalized keywords: frontend developer, full stack developer, front end engineer, frontend, front end, front-end -> ['frontend developer', 'full stack developer', 'front end engineer', 'frontend', 'front end', 'front-end']
2025-09-03 11:20:33,086 INFO jobhunter: Searching with tags=['frontend developer', 'full stack developer', 'front end engineer', 'frontend', 'front end', 'front-end'] max_age_seconds=604800
2025-09-03 11:20:33,086 INFO jobhunter: Calling source: fetch_remoteok
2025-09-03 11:20:33,086 DEBUG jobhunter: fetch_remoteok start: keywords=['frontend developer', 'full stack developer', 'front end engineer', 'frontend', 'front end', 'front-end'] max_age_seconds=604800
2025-09-03 11:20:35,916 DEBUG jobhunter: remoteok status_code=200
2025-09-03 11:20:35,918 DEBUG jobhunter: remoteok total items=98
2025-09-03 11:20:35,919 DEBUG jobhunter: fetch_remoteok found=1
2025-09-03 11:20:35,921 INFO jobhunter: Source fetch_remoteok returned 1 items
2025-09-03 11:20:35,921 INFO jobhunter: Calling source: fetch_remoteio
2025-09-03 11:20:35,921 DEBUG jobhunter: fetch_remoteio start: keywords=['frontend developer', 'full stack developer', 'front end engineer', 'frontend', 'front end', 'front-end'] max_age_seconds=604800
2025-09-03 11:20:36,227 DEBUG jobhunter: remoteio total items=0
2025-09-03 11:20:36,228 DEBUG jobhunter: fetch_remoteio found=0
2025-09-03 11:20:36,228 INFO jobhunter: Source fetch_remoteio returned 0 items
2025-09-03 11:20:36,229 INFO jobhunter: Calling source: fetch_working_nomads
2025-09-03 11:20:36,229 DEBUG jobhunter: fetch_working_nomads start: keywords=['frontend developer', 'full stack developer', 'front end engineer', 'frontend', 'front end', 'front-end'] max_age_seconds=604800
2025-09-03 11:20:38,929 DEBUG jobhunter: workingnomads status_code=200
2025-09-03 11:20:38,932 DEBUG jobhunter: workingnomads total items=34
2025-09-03 11:20:38,933 DEBUG jobhunter: fetch_working_nomads found=0
2025-09-03 11:20:38,940 INFO jobhunter: Source fetch_working_nomads returned 0 items
2025-09-03 11:20:38,940 INFO jobhunter: Calling source: fetch_weworkremotely
2025-09-03 11:20:38,941 DEBUG jobhunter: fetch_weworkremotely start: keywords=['frontend developer', 'full stack developer', 'front end engineer', 'frontend', 'front end', 'front-end'] max_age_seconds=604800
2025-09-03 11:20:40,222 DEBUG jobhunter: weworkremotely total items=25
2025-09-03 11:20:40,222 DEBUG jobhunter: fetch_weworkremotely found=0
2025-09-03 11:20:40,222 INFO jobhunter: Source fetch_weworkremotely returned 0 items
2025-09-03 11:20:40,223 INFO jobhunter: Total results after aggregation: 1
2025-09-03 11:22:29,149 INFO jobhunter: Starting Flask app on 0.0.0.0:8000
2025-09-03 11:22:47,459 INFO jobhunter: Starting Flask app on 0.0.0.0:8000
2025-09-03 11:22:53,848 DEBUG jobhunter: Received POST request for /
2025-09-03 11:22:53,849 DEBUG jobhunter: Form raw inputs: keywords=frontend developer, full stack developer, front end engineer, frontend, front end, front-end hours=168
2025-09-03 11:22:53,849 DEBUG jobhunter: Normalized keywords: frontend developer, full stack developer, front end engineer, frontend, front end, front-end -> ['frontend developer', 'full stack developer', 'front end engineer', 'frontend', 'front end', 'front-end']
2025-09-03 11:22:53,850 INFO jobhunter: Searching with tags=['frontend developer', 'full stack developer', 'front end engineer', 'frontend', 'front end', 'front-end'] max_age_seconds=604800
2025-09-03 11:22:53,850 INFO jobhunter: Calling source: fetch_remoteok
2025-09-03 11:22:53,850 DEBUG jobhunter: fetch_remoteok start: keywords=['frontend developer', 'full stack developer', 'front end engineer', 'frontend', 'front end', 'front-end'] max_age_seconds=604800
2025-09-03 11:22:54,075 DEBUG jobhunter: remoteok status_code=200
2025-09-03 11:22:54,077 DEBUG jobhunter: remoteok total items=98
2025-09-03 11:22:54,078 DEBUG jobhunter: matches_keywords: matched user keyword "frontend" in text
2025-09-03 11:22:54,081 DEBUG jobhunter: fetch_remoteok found=1
2025-09-03 11:22:54,081 INFO jobhunter: Source fetch_remoteok returned 1 items
2025-09-03 11:22:54,082 INFO jobhunter: Calling source: fetch_remoteio
2025-09-03 11:22:54,082 DEBUG jobhunter: fetch_remoteio start: keywords=['frontend developer', 'full stack developer', 'front end engineer', 'frontend', 'front end', 'front-end'] max_age_seconds=604800
2025-09-03 11:22:54,352 DEBUG jobhunter: remoteio total items=0
2025-09-03 11:22:54,353 DEBUG jobhunter: fetch_remoteio found=0
2025-09-03 11:22:54,353 INFO jobhunter: Source fetch_remoteio returned 0 items
2025-09-03 11:22:54,353 INFO jobhunter: Calling source: fetch_working_nomads
2025-09-03 11:22:54,354 DEBUG jobhunter: fetch_working_nomads start: keywords=['frontend developer', 'full stack developer', 'front end engineer', 'frontend', 'front end', 'front-end'] max_age_seconds=604800
2025-09-03 11:22:56,945 DEBUG jobhunter: workingnomads status_code=200
2025-09-03 11:22:56,946 DEBUG jobhunter: workingnomads total items=34
2025-09-03 11:22:56,946 DEBUG jobhunter: fetch_working_nomads found=0
2025-09-03 11:22:56,948 INFO jobhunter: Source fetch_working_nomads returned 0 items
2025-09-03 11:22:56,948 INFO jobhunter: Calling source: fetch_weworkremotely
2025-09-03 11:22:56,948 DEBUG jobhunter: fetch_weworkremotely start: keywords=['frontend developer', 'full stack developer', 'front end engineer', 'frontend', 'front end', 'front-end'] max_age_seconds=604800
2025-09-03 11:22:57,418 DEBUG jobhunter: weworkremotely total items=25
2025-09-03 11:22:57,419 DEBUG jobhunter: fetch_weworkremotely found=0
2025-09-03 11:22:57,419 INFO jobhunter: Source fetch_weworkremotely returned 0 items
2025-09-03 11:22:57,419 INFO jobhunter: Total results after aggregation: 1
2025-09-03 11:23:45,780 DEBUG jobhunter: Received POST request for /
2025-09-03 11:23:45,781 DEBUG jobhunter: Form raw inputs: keywords=frontend developer, frontend, front end, front-end, frontend engineer, front-end-engineer hours=168
2025-09-03 11:23:45,781 DEBUG jobhunter: Normalized keywords: frontend developer, frontend, front end, front-end, frontend engineer, front-end-engineer -> ['frontend developer', 'frontend', 'front end', 'front-end', 'frontend engineer', 'front-end-engineer']
2025-09-03 11:23:45,781 INFO jobhunter: Searching with tags=['frontend developer', 'frontend', 'front end', 'front-end', 'frontend engineer', 'front-end-engineer'] max_age_seconds=604800
2025-09-03 11:23:45,781 INFO jobhunter: Calling source: fetch_remoteok
2025-09-03 11:23:45,781 DEBUG jobhunter: fetch_remoteok start: keywords=['frontend developer', 'frontend', 'front end', 'front-end', 'frontend engineer', 'front-end-engineer'] max_age_seconds=604800
2025-09-03 11:23:45,974 DEBUG jobhunter: remoteok status_code=200
2025-09-03 11:23:45,976 DEBUG jobhunter: remoteok total items=98
2025-09-03 11:23:45,976 DEBUG jobhunter: matches_keywords: matched user keyword "frontend" in text
2025-09-03 11:23:45,977 DEBUG jobhunter: fetch_remoteok found=1
2025-09-03 11:23:45,977 INFO jobhunter: Source fetch_remoteok returned 1 items
2025-09-03 11:23:45,978 INFO jobhunter: Calling source: fetch_remoteio
2025-09-03 11:23:45,978 DEBUG jobhunter: fetch_remoteio start: keywords=['frontend developer', 'frontend', 'front end', 'front-end', 'frontend engineer', 'front-end-engineer'] max_age_seconds=604800
2025-09-03 11:23:46,194 DEBUG jobhunter: remoteio total items=0
2025-09-03 11:23:46,194 DEBUG jobhunter: fetch_remoteio found=0
2025-09-03 11:23:46,194 INFO jobhunter: Source fetch_remoteio returned 0 items
2025-09-03 11:23:46,194 INFO jobhunter: Calling source: fetch_working_nomads
2025-09-03 11:23:46,194 DEBUG jobhunter: fetch_working_nomads start: keywords=['frontend developer', 'frontend', 'front end', 'front-end', 'frontend engineer', 'front-end-engineer'] max_age_seconds=604800
2025-09-03 11:23:48,785 DEBUG jobhunter: workingnomads status_code=200
2025-09-03 11:23:48,788 DEBUG jobhunter: workingnomads total items=34
2025-09-03 11:23:48,790 DEBUG jobhunter: fetch_working_nomads found=0
2025-09-03 11:23:48,799 INFO jobhunter: Source fetch_working_nomads returned 0 items
2025-09-03 11:23:48,799 INFO jobhunter: Calling source: fetch_weworkremotely
2025-09-03 11:23:48,800 DEBUG jobhunter: fetch_weworkremotely start: keywords=['frontend developer', 'frontend', 'front end', 'front-end', 'frontend engineer', 'front-end-engineer'] max_age_seconds=604800
2025-09-03 11:23:49,305 DEBUG jobhunter: weworkremotely total items=25
2025-09-03 11:23:49,306 DEBUG jobhunter: fetch_weworkremotely found=0
2025-09-03 11:23:49,306 INFO jobhunter: Source fetch_weworkremotely returned 0 items
2025-09-03 11:23:49,306 INFO jobhunter: Total results after aggregation: 1
2025-09-03 11:27:14,749 INFO jobhunter: Starting Flask app on 0.0.0.0:8000
2025-09-03 11:27:14,902 INFO jobhunter: Starting Flask app on 0.0.0.0:8000
2025-09-03 11:27:31,662 DEBUG jobhunter: Received GET request for /
2025-09-03 11:27:35,306 DEBUG jobhunter: Received POST request for /
2025-09-03 11:27:35,307 DEBUG jobhunter: Form raw inputs: keywords=frontend developer, frontend, front end, front-end, frontend engineer hours=24
2025-09-03 11:27:35,307 DEBUG jobhunter: Normalized keywords: frontend developer, frontend, front end, front-end, frontend engineer -> ['frontend developer', 'frontend', 'front end', 'front-end', 'frontend engineer']
2025-09-03 11:27:35,307 INFO jobhunter: Searching with tags=['frontend developer', 'frontend', 'front end', 'front-end', 'frontend engineer'] max_age_seconds=None (age filtering disabled to match get_jobs)
2025-09-03 11:27:35,307 INFO jobhunter: Calling source: fetch_remoteok
2025-09-03 11:27:35,307 DEBUG jobhunter: fetch_remoteok start: keywords=['frontend developer', 'frontend', 'front end', 'front-end', 'frontend engineer'] max_age_seconds=None
2025-09-03 11:27:35,470 DEBUG jobhunter: remoteok status_code=200
2025-09-03 11:27:35,472 DEBUG jobhunter: remoteok total items=98
2025-09-03 11:27:35,473 DEBUG jobhunter: matches_keywords: matched user keyword "frontend" in text
2025-09-03 11:27:35,473 DEBUG jobhunter: matches_keywords: matched user keyword "front-end" in text
2025-09-03 11:27:35,473 DEBUG jobhunter: matches_keywords: matched user keyword "front end" in text
2025-09-03 11:27:35,474 DEBUG jobhunter: matches_keywords: matched user keyword "frontend" in text
2025-09-03 11:27:35,475 DEBUG jobhunter: matches_keywords: matched user keyword "front-end" in text
2025-09-03 11:27:35,476 DEBUG jobhunter: matches_keywords: matched user keyword "front-end" in text
2025-09-03 11:27:35,477 DEBUG jobhunter: matches_keywords: matched user keyword "front-end" in text
2025-09-03 11:27:35,477 DEBUG jobhunter: matches_keywords: matched user keyword "front end" in text
2025-09-03 11:27:35,477 DEBUG jobhunter: matches_keywords: matched user keyword "front-end" in text
2025-09-03 11:27:35,477 DEBUG jobhunter: matches_keywords: matched user keyword "frontend" in text
2025-09-03 11:27:35,478 DEBUG jobhunter: matches_keywords: matched user keyword "frontend" in text
2025-09-03 11:27:35,478 DEBUG jobhunter: matches_keywords: matched user keyword "frontend" in text
2025-09-03 11:27:35,478 DEBUG jobhunter: matches_keywords: matched user keyword "frontend" in text
2025-09-03 11:27:35,479 DEBUG jobhunter: matches_keywords: matched user keyword "front end" in text
2025-09-03 11:27:35,479 DEBUG jobhunter: fetch_remoteok found=14
2025-09-03 11:27:35,480 INFO jobhunter: Source fetch_remoteok returned 14 items
2025-09-03 11:27:35,480 INFO jobhunter: Calling source: fetch_remoteio
2025-09-03 11:27:35,480 DEBUG jobhunter: fetch_remoteio start: keywords=['frontend developer', 'frontend', 'front end', 'front-end', 'frontend engineer'] max_age_seconds=None
2025-09-03 11:27:35,755 DEBUG jobhunter: remoteio total items=0
2025-09-03 11:27:35,756 DEBUG jobhunter: fetch_remoteio found=0
2025-09-03 11:27:35,756 INFO jobhunter: Source fetch_remoteio returned 0 items
2025-09-03 11:27:35,756 INFO jobhunter: Calling source: fetch_working_nomads
2025-09-03 11:27:35,756 DEBUG jobhunter: fetch_working_nomads start: keywords=['frontend developer', 'frontend', 'front end', 'front-end', 'frontend engineer'] max_age_seconds=None
2025-09-03 11:27:38,344 DEBUG jobhunter: workingnomads status_code=200
2025-09-03 11:27:38,344 DEBUG jobhunter: workingnomads total items=34
2025-09-03 11:27:38,345 DEBUG jobhunter: matches_keywords: matched user keyword "front-end" in text
2025-09-03 11:27:38,345 DEBUG jobhunter: matches_keywords: matched user keyword "front-end" in text
2025-09-03 11:27:38,346 DEBUG jobhunter: fetch_working_nomads found=2
2025-09-03 11:27:38,347 INFO jobhunter: Source fetch_working_nomads returned 2 items
2025-09-03 11:27:38,347 INFO jobhunter: Calling source: fetch_weworkremotely
2025-09-03 11:27:38,347 DEBUG jobhunter: fetch_weworkremotely start: keywords=['frontend developer', 'frontend', 'front end', 'front-end', 'frontend engineer'] max_age_seconds=None
2025-09-03 11:27:38,797 DEBUG jobhunter: weworkremotely total items=25
2025-09-03 11:27:38,798 DEBUG jobhunter: matches_keywords: matched user keyword "frontend" in text
2025-09-03 11:27:38,799 DEBUG jobhunter: matches_keywords: matched user keyword "frontend" in text
2025-09-03 11:27:38,799 DEBUG jobhunter: matches_keywords: matched user keyword "frontend" in text
2025-09-03 11:27:38,799 DEBUG jobhunter: matches_keywords: matched user keyword "frontend" in text
2025-09-03 11:27:38,799 DEBUG jobhunter: matches_keywords: matched user keyword "frontend" in text
2025-09-03 11:27:38,799 DEBUG jobhunter: matches_keywords: matched user keyword "frontend" in text
2025-09-03 11:27:38,799 DEBUG jobhunter: matches_keywords: matched user keyword "front end" in text
2025-09-03 11:27:38,799 DEBUG jobhunter: matches_keywords: matched user keyword "frontend" in text
2025-09-03 11:27:38,800 DEBUG jobhunter: matches_keywords: matched user keyword "front-end" in text
2025-09-03 11:27:38,800 DEBUG jobhunter: matches_keywords: matched user keyword "front-end" in text
2025-09-03 11:27:38,800 DEBUG jobhunter: matches_keywords: matched user keyword "frontend" in text
2025-09-03 11:27:38,800 DEBUG jobhunter: fetch_weworkremotely found=11
2025-09-03 11:27:38,800 INFO jobhunter: Source fetch_weworkremotely returned 11 items
2025-09-03 11:27:38,800 INFO jobhunter: Total results after aggregation: 27
2025-09-03 11:28:58,698 INFO jobhunter: Starting Flask app on 0.0.0.0:8000
2025-09-03 11:29:07,177 DEBUG jobhunter: Received POST request for /
2025-09-03 11:29:07,178 DEBUG jobhunter: Form raw inputs: keywords=frontend developer, frontend, front end, front-end, frontend engineer hours=24
2025-09-03 11:29:07,178 DEBUG jobhunter: Normalized keywords: frontend developer, frontend, front end, front-end, frontend engineer -> ['frontend developer', 'frontend', 'front end', 'front-end', 'frontend engineer']
2025-09-03 11:29:07,178 INFO jobhunter: Searching with tags=['frontend developer', 'frontend', 'front end', 'front-end', 'frontend engineer'] max_age_seconds=86400
2025-09-03 11:29:07,178 INFO jobhunter: Calling source: fetch_remoteok
2025-09-03 11:29:07,178 DEBUG jobhunter: fetch_remoteok start: keywords=['frontend developer', 'frontend', 'front end', 'front-end', 'frontend engineer'] max_age_seconds=86400
2025-09-03 11:29:07,402 DEBUG jobhunter: remoteok status_code=200
2025-09-03 11:29:07,403 DEBUG jobhunter: remoteok total items=98
2025-09-03 11:29:07,405 DEBUG jobhunter: fetch_remoteok found=0
2025-09-03 11:29:07,406 INFO jobhunter: Source fetch_remoteok returned 0 items
2025-09-03 11:29:07,406 INFO jobhunter: Calling source: fetch_remoteio
2025-09-03 11:29:07,406 DEBUG jobhunter: fetch_remoteio start: keywords=['frontend developer', 'frontend', 'front end', 'front-end', 'frontend engineer'] max_age_seconds=86400
2025-09-03 11:29:07,576 DEBUG jobhunter: remoteio total items=0
2025-09-03 11:29:07,576 DEBUG jobhunter: fetch_remoteio found=0
2025-09-03 11:29:07,576 INFO jobhunter: Source fetch_remoteio returned 0 items
2025-09-03 11:29:07,577 INFO jobhunter: Calling source: fetch_working_nomads
2025-09-03 11:29:07,577 DEBUG jobhunter: fetch_working_nomads start: keywords=['frontend developer', 'frontend', 'front end', 'front-end', 'frontend engineer'] max_age_seconds=86400
2025-09-03 11:29:10,201 DEBUG jobhunter: workingnomads status_code=200
2025-09-03 11:29:10,202 DEBUG jobhunter: workingnomads total items=34
2025-09-03 11:29:10,202 DEBUG jobhunter: fetch_working_nomads found=0
2025-09-03 11:29:10,203 INFO jobhunter: Source fetch_working_nomads returned 0 items
2025-09-03 11:29:10,203 INFO jobhunter: Calling source: fetch_weworkremotely
2025-09-03 11:29:10,203 DEBUG jobhunter: fetch_weworkremotely start: keywords=['frontend developer', 'frontend', 'front end', 'front-end', 'frontend engineer'] max_age_seconds=86400
2025-09-03 11:29:10,703 DEBUG jobhunter: weworkremotely total items=25
2025-09-03 11:29:10,704 DEBUG jobhunter: fetch_weworkremotely found=0
2025-09-03 11:29:10,704 INFO jobhunter: Source fetch_weworkremotely returned 0 items
2025-09-03 11:29:10,704 INFO jobhunter: Total results after aggregation: 0
2025-09-03 11:29:42,845 INFO jobhunter: Starting Flask app on 0.0.0.0:8000
2025-09-03 11:29:42,986 INFO jobhunter: Starting Flask app on 0.0.0.0:8000
2025-09-03 11:29:45,625 DEBUG jobhunter: Received POST request for /
2025-09-03 11:29:45,626 DEBUG jobhunter: Form raw inputs: keywords=frontend developer, frontend, front end, front-end, frontend engineer hours=24
2025-09-03 11:29:45,626 DEBUG jobhunter: Normalized keywords: frontend developer, frontend, front end, front-end, frontend engineer -> ['frontend developer', 'frontend', 'front end', 'front-end', 'frontend engineer']
2025-09-03 11:29:45,626 INFO jobhunter: Searching with tags=['frontend developer', 'frontend', 'front end', 'front-end', 'frontend engineer'] max_age_seconds=86400
2025-09-03 11:29:45,626 INFO jobhunter: Calling source: fetch_remoteok
2025-09-03 11:29:45,626 DEBUG jobhunter: fetch_remoteok start: keywords=['frontend developer', 'frontend', 'front end', 'front-end', 'frontend engineer'] max_age_seconds=86400
2025-09-03 11:29:45,811 DEBUG jobhunter: remoteok status_code=200
2025-09-03 11:29:45,812 DEBUG jobhunter: remoteok total items=98
2025-09-03 11:29:45,815 DEBUG jobhunter: fetch_remoteok found=0
2025-09-03 11:29:45,815 INFO jobhunter: Source fetch_remoteok returned 0 items
2025-09-03 11:29:45,815 INFO jobhunter: Calling source: fetch_remoteio
2025-09-03 11:29:45,815 DEBUG jobhunter: fetch_remoteio start: keywords=['frontend developer', 'frontend', 'front end', 'front-end', 'frontend engineer'] max_age_seconds=86400
2025-09-03 11:29:46,061 DEBUG jobhunter: remoteio total items=0
2025-09-03 11:29:46,062 DEBUG jobhunter: fetch_remoteio found=0
2025-09-03 11:29:46,063 INFO jobhunter: Source fetch_remoteio returned 0 items
2025-09-03 11:29:46,063 INFO jobhunter: Calling source: fetch_working_nomads
2025-09-03 11:29:46,063 DEBUG jobhunter: fetch_working_nomads start: keywords=['frontend developer', 'frontend', 'front end', 'front-end', 'frontend engineer'] max_age_seconds=86400
2025-09-03 11:29:48,643 DEBUG jobhunter: workingnomads status_code=200
2025-09-03 11:29:48,643 DEBUG jobhunter: workingnomads total items=34
2025-09-03 11:29:48,643 DEBUG jobhunter: fetch_working_nomads found=0
2025-09-03 11:29:48,645 INFO jobhunter: Source fetch_working_nomads returned 0 items
2025-09-03 11:29:48,645 INFO jobhunter: Calling source: fetch_weworkremotely
2025-09-03 11:29:48,645 DEBUG jobhunter: fetch_weworkremotely start: keywords=['frontend developer', 'frontend', 'front end', 'front-end', 'frontend engineer'] max_age_seconds=86400
2025-09-03 11:29:49,056 DEBUG jobhunter: weworkremotely total items=25
2025-09-03 11:29:49,057 DEBUG jobhunter: fetch_weworkremotely found=0
2025-09-03 11:29:49,057 INFO jobhunter: Source fetch_weworkremotely returned 0 items
2025-09-03 11:29:49,058 INFO jobhunter: Total results after aggregation: 0
2025-09-03 11:30:04,583 DEBUG jobhunter: Received POST request for /
2025-09-03 11:30:04,584 DEBUG jobhunter: Form raw inputs: keywords=developer hours=24
2025-09-03 11:30:04,584 DEBUG jobhunter: Normalized keywords: developer -> ['developer']
2025-09-03 11:30:04,584 INFO jobhunter: Searching with tags=['developer'] max_age_seconds=86400
2025-09-03 11:30:04,584 INFO jobhunter: Calling source: fetch_remoteok
2025-09-03 11:30:04,584 DEBUG jobhunter: fetch_remoteok start: keywords=['developer'] max_age_seconds=86400
2025-09-03 11:30:04,749 DEBUG jobhunter: remoteok status_code=200
2025-09-03 11:30:04,750 DEBUG jobhunter: remoteok total items=98
2025-09-03 11:30:04,751 DEBUG jobhunter: fetch_remoteok found=0
2025-09-03 11:30:04,752 INFO jobhunter: Source fetch_remoteok returned 0 items
2025-09-03 11:30:04,752 INFO jobhunter: Calling source: fetch_remoteio
2025-09-03 11:30:04,752 DEBUG jobhunter: fetch_remoteio start: keywords=['developer'] max_age_seconds=86400
2025-09-03 11:30:04,835 DEBUG jobhunter: remoteio total items=0
2025-09-03 11:30:04,835 DEBUG jobhunter: fetch_remoteio found=0
2025-09-03 11:30:04,835 INFO jobhunter: Source fetch_remoteio returned 0 items
2025-09-03 11:30:04,835 INFO jobhunter: Calling source: fetch_working_nomads
2025-09-03 11:30:04,835 DEBUG jobhunter: fetch_working_nomads start: keywords=['developer'] max_age_seconds=86400
2025-09-03 11:30:07,476 DEBUG jobhunter: workingnomads status_code=200
2025-09-03 11:30:07,479 DEBUG jobhunter: workingnomads total items=34
2025-09-03 11:30:07,480 DEBUG jobhunter: fetch_working_nomads found=0
2025-09-03 11:30:07,486 INFO jobhunter: Source fetch_working_nomads returned 0 items
2025-09-03 11:30:07,486 INFO jobhunter: Calling source: fetch_weworkremotely
2025-09-03 11:30:07,486 DEBUG jobhunter: fetch_weworkremotely start: keywords=['developer'] max_age_seconds=86400
2025-09-03 11:30:07,915 DEBUG jobhunter: weworkremotely total items=25
2025-09-03 11:30:07,915 DEBUG jobhunter: fetch_weworkremotely found=0
2025-09-03 11:30:07,915 INFO jobhunter: Source fetch_weworkremotely returned 0 items
2025-09-03 11:30:07,915 INFO jobhunter: Total results after aggregation: 0
2025-09-03 11:31:17,256 DEBUG jobhunter: Received POST request for /
2025-09-03 11:31:17,256 DEBUG jobhunter: Form raw inputs: keywords=software developer, software engineer, developer, full stack engineer, fullstack developer hours=24
2025-09-03 11:31:17,256 DEBUG jobhunter: Normalized keywords: software developer, software engineer, developer, full stack engineer, fullstack developer -> ['software developer', 'software engineer', 'developer', 'full stack engineer', 'fullstack developer']
2025-09-03 11:31:17,256 INFO jobhunter: Searching with tags=['software developer', 'software engineer', 'developer', 'full stack engineer', 'fullstack developer'] max_age_seconds=86400
2025-09-03 11:31:17,257 INFO jobhunter: Calling source: fetch_remoteok
2025-09-03 11:31:17,257 DEBUG jobhunter: fetch_remoteok start: keywords=['software developer', 'software engineer', 'developer', 'full stack engineer', 'fullstack developer'] max_age_seconds=86400
2025-09-03 11:31:17,414 DEBUG jobhunter: remoteok status_code=200
2025-09-03 11:31:17,416 DEBUG jobhunter: remoteok total items=98
2025-09-03 11:31:17,417 DEBUG jobhunter: fetch_remoteok found=0
2025-09-03 11:31:17,417 INFO jobhunter: Source fetch_remoteok returned 0 items
2025-09-03 11:31:17,417 INFO jobhunter: Calling source: fetch_remoteio
2025-09-03 11:31:17,417 DEBUG jobhunter: fetch_remoteio start: keywords=['software developer', 'software engineer', 'developer', 'full stack engineer', 'fullstack developer'] max_age_seconds=86400
2025-09-03 11:31:17,681 DEBUG jobhunter: remoteio total items=0
2025-09-03 11:31:17,682 DEBUG jobhunter: fetch_remoteio found=0
2025-09-03 11:31:17,682 INFO jobhunter: Source fetch_remoteio returned 0 items
2025-09-03 11:31:17,682 INFO jobhunter: Calling source: fetch_working_nomads
2025-09-03 11:31:17,683 DEBUG jobhunter: fetch_working_nomads start: keywords=['software developer', 'software engineer', 'developer', 'full stack engineer', 'fullstack developer'] max_age_seconds=86400
2025-09-03 11:31:21,043 DEBUG jobhunter: workingnomads status_code=200
2025-09-03 11:31:21,044 DEBUG jobhunter: workingnomads total items=34
2025-09-03 11:31:21,044 DEBUG jobhunter: fetch_working_nomads found=0
2025-09-03 11:31:21,045 INFO jobhunter: Source fetch_working_nomads returned 0 items
2025-09-03 11:31:21,045 INFO jobhunter: Calling source: fetch_weworkremotely
2025-09-03 11:31:21,045 DEBUG jobhunter: fetch_weworkremotely start: keywords=['software developer', 'software engineer', 'developer', 'full stack engineer', 'fullstack developer'] max_age_seconds=86400
2025-09-03 11:31:21,539 DEBUG jobhunter: weworkremotely total items=25
2025-09-03 11:31:21,540 DEBUG jobhunter: fetch_weworkremotely found=0
2025-09-03 11:31:21,540 INFO jobhunter: Source fetch_weworkremotely returned 0 items
2025-09-03 11:31:21,540 INFO jobhunter: Total results after aggregation: 0
2025-09-03 11:32:31,133 INFO jobhunter: Starting Flask app on 0.0.0.0:8000
2025-09-03 11:32:47,409 INFO jobhunter: Starting Flask app on 0.0.0.0:8000
2025-09-03 11:32:50,420 DEBUG jobhunter: Received POST request for /
2025-09-03 11:32:50,421 DEBUG jobhunter: Form raw inputs: keywords=software developer, software engineer, developer, full stack engineer, fullstack developer hours=24
2025-09-03 11:32:50,421 DEBUG jobhunter: Normalized keywords: software developer, software engineer, developer, full stack engineer, fullstack developer -> ['software developer', 'software engineer', 'developer', 'full stack engineer', 'fullstack developer']
2025-09-03 11:32:50,421 INFO jobhunter: Searching with tags=['software developer', 'software engineer', 'developer', 'full stack engineer', 'fullstack developer'] max_age_seconds=86400
2025-09-03 11:32:50,421 INFO jobhunter: Calling source: fetch_remoteok
2025-09-03 11:32:50,422 DEBUG jobhunter: fetch_remoteok start: keywords=['software developer', 'software engineer', 'developer', 'full stack engineer', 'fullstack developer'] max_age_seconds=86400
2025-09-03 11:32:50,606 DEBUG jobhunter: remoteok status_code=200
2025-09-03 11:32:50,608 DEBUG jobhunter: remoteok total items=98
2025-09-03 11:32:50,610 DEBUG jobhunter: fetch_remoteok found=0
2025-09-03 11:32:50,611 INFO jobhunter: Source fetch_remoteok returned 0 items
2025-09-03 11:32:50,611 INFO jobhunter: Calling source: fetch_remoteio
2025-09-03 11:32:50,611 DEBUG jobhunter: fetch_remoteio start: keywords=['software developer', 'software engineer', 'developer', 'full stack engineer', 'fullstack developer'] max_age_seconds=86400
2025-09-03 11:32:50,883 DEBUG jobhunter: remoteio total items=0
2025-09-03 11:32:50,884 DEBUG jobhunter: fetch_remoteio found=0
2025-09-03 11:32:50,884 INFO jobhunter: Source fetch_remoteio returned 0 items
2025-09-03 11:32:50,884 INFO jobhunter: Calling source: fetch_working_nomads
2025-09-03 11:32:50,884 DEBUG jobhunter: fetch_working_nomads start: keywords=['software developer', 'software engineer', 'developer', 'full stack engineer', 'fullstack developer'] max_age_seconds=86400
2025-09-03 11:32:53,445 DEBUG jobhunter: workingnomads status_code=200
2025-09-03 11:32:53,448 DEBUG jobhunter: workingnomads total items=34
2025-09-03 11:32:53,448 DEBUG jobhunter: fetch_working_nomads found=0
2025-09-03 11:32:53,455 INFO jobhunter: Source fetch_working_nomads returned 0 items
2025-09-03 11:32:53,455 INFO jobhunter: Calling source: fetch_weworkremotely
2025-09-03 11:32:53,456 DEBUG jobhunter: fetch_weworkremotely start: keywords=['software developer', 'software engineer', 'developer', 'full stack engineer', 'fullstack developer'] max_age_seconds=86400
2025-09-03 11:32:53,896 DEBUG jobhunter: weworkremotely total items=25
2025-09-03 11:32:53,897 DEBUG jobhunter: fetch_weworkremotely found=0
2025-09-03 11:32:53,897 INFO jobhunter: Source fetch_weworkremotely returned 0 items
2025-09-03 11:32:53,897 INFO jobhunter: Total results after aggregation: 0
2025-09-03 11:34:01,051 INFO jobhunter: Starting Flask app on 0.0.0.0:8000
2025-09-03 11:34:31,410 INFO jobhunter: Starting Flask app on 0.0.0.0:8000
2025-09-03 11:34:37,358 DEBUG jobhunter: Received POST request for /
2025-09-03 11:34:37,359 DEBUG jobhunter: Form raw inputs: keywords=software developer, software engineer, developer, full stack engineer, fullstack developer hours=24
2025-09-03 11:34:37,359 DEBUG jobhunter: Normalized keywords: software developer, software engineer, developer, full stack engineer, fullstack developer -> ['software developer', 'software engineer', 'developer', 'full stack engineer', 'fullstack developer']
2025-09-03 11:34:37,359 INFO jobhunter: Searching with tags=['software developer', 'software engineer', 'developer', 'full stack engineer', 'fullstack developer'] max_age_seconds=86400 (age filtering enabled)
2025-09-03 11:34:37,359 INFO jobhunter: Calling source: fetch_remoteok
2025-09-03 11:34:37,359 DEBUG jobhunter: fetch_remoteok start: keywords=['software developer', 'software engineer', 'developer', 'full stack engineer', 'fullstack developer'] max_age_seconds=86400
2025-09-03 11:34:37,541 DEBUG jobhunter: remoteok status_code=200
2025-09-03 11:34:37,543 DEBUG jobhunter: remoteok total items=98
2025-09-03 11:34:37,545 DEBUG jobhunter: fetch_remoteok found=0
2025-09-03 11:34:37,546 INFO jobhunter: Source fetch_remoteok returned 0 items
2025-09-03 11:34:37,546 INFO jobhunter: Calling source: fetch_remoteio
2025-09-03 11:34:37,546 DEBUG jobhunter: fetch_remoteio start: keywords=['software developer', 'software engineer', 'developer', 'full stack engineer', 'fullstack developer'] max_age_seconds=86400
2025-09-03 11:34:37,816 DEBUG jobhunter: remoteio total items=0
2025-09-03 11:34:37,816 DEBUG jobhunter: fetch_remoteio found=0
2025-09-03 11:34:37,817 INFO jobhunter: Source fetch_remoteio returned 0 items
2025-09-03 11:34:37,817 INFO jobhunter: Calling source: fetch_working_nomads
2025-09-03 11:34:37,817 DEBUG jobhunter: fetch_working_nomads start: keywords=['software developer', 'software engineer', 'developer', 'full stack engineer', 'fullstack developer'] max_age_seconds=86400
2025-09-03 11:34:40,363 DEBUG jobhunter: workingnomads status_code=200
2025-09-03 11:34:40,363 DEBUG jobhunter: workingnomads total items=34
2025-09-03 11:34:40,363 DEBUG jobhunter: fetch_working_nomads found=0
2025-09-03 11:34:40,365 INFO jobhunter: Source fetch_working_nomads returned 0 items
2025-09-03 11:34:40,365 INFO jobhunter: Calling source: fetch_weworkremotely
2025-09-03 11:34:40,365 DEBUG jobhunter: fetch_weworkremotely start: keywords=['software developer', 'software engineer', 'developer', 'full stack engineer', 'fullstack developer'] max_age_seconds=86400
2025-09-03 11:34:40,817 DEBUG jobhunter: weworkremotely total items=25
2025-09-03 11:34:40,818 DEBUG jobhunter: fetch_weworkremotely found=0
2025-09-03 11:34:40,818 INFO jobhunter: Source fetch_weworkremotely returned 0 items
2025-09-03 11:34:40,818 INFO jobhunter: Total results after aggregation: 0
2025-09-03 11:36:13,071 INFO jobhunter: Starting Flask app on 0.0.0.0:8000
2025-09-03 11:36:59,525 INFO jobhunter: Starting Flask app on 0.0.0.0:8000
2025-09-03 11:37:08,637 DEBUG jobhunter: Received POST request for /
2025-09-03 11:37:08,638 DEBUG jobhunter: Form raw inputs: keywords=software developer, software engineer, developer, full stack engineer, fullstack developer hours=24
2025-09-03 11:37:08,638 DEBUG jobhunter: Normalized keywords: software developer, software engineer, developer, full stack engineer, fullstack developer -> ['software developer', 'software engineer', 'developer', 'full stack engineer', 'fullstack developer']
2025-09-03 11:37:08,638 INFO jobhunter: Searching with tags=['software developer', 'software engineer', 'developer', 'full stack engineer', 'fullstack developer'] max_age_seconds=86400 (age filtering enabled)
2025-09-03 11:37:08,638 INFO jobhunter: Calling source: fetch_remoteok
2025-09-03 11:37:08,638 DEBUG jobhunter: fetch_remoteok start: keywords=['software developer', 'software engineer', 'developer', 'full stack engineer', 'fullstack developer'] max_age_seconds=86400
2025-09-03 11:37:08,821 DEBUG jobhunter: remoteok status_code=200
2025-09-03 11:37:08,823 DEBUG jobhunter: remoteok total items=98
2025-09-03 11:37:08,825 DEBUG jobhunter: fetch_remoteok stats parsed=97 parse_failed=1 age_skipped=97 matched=0
2025-09-03 11:37:08,825 INFO jobhunter: Source fetch_remoteok returned 0 items
2025-09-03 11:37:08,825 INFO jobhunter: Calling source: fetch_remoteio
2025-09-03 11:37:08,826 DEBUG jobhunter: fetch_remoteio start: keywords=['software developer', 'software engineer', 'developer', 'full stack engineer', 'fullstack developer'] max_age_seconds=86400
2025-09-03 11:37:09,125 DEBUG jobhunter: remoteio total items=0
2025-09-03 11:37:09,125 DEBUG jobhunter: fetch_remoteio stats parsed=0 parse_failed=0 age_skipped=0 matched=0
2025-09-03 11:37:09,125 INFO jobhunter: Source fetch_remoteio returned 0 items
2025-09-03 11:37:09,125 INFO jobhunter: Calling source: fetch_working_nomads
2025-09-03 11:37:09,125 DEBUG jobhunter: fetch_working_nomads start: keywords=['software developer', 'software engineer', 'developer', 'full stack engineer', 'fullstack developer'] max_age_seconds=86400
2025-09-03 11:37:11,817 DEBUG jobhunter: workingnomads status_code=200
2025-09-03 11:37:11,820 DEBUG jobhunter: workingnomads total items=34
2025-09-03 11:37:11,821 DEBUG jobhunter: fetch_working_nomads stats parsed=34 parse_failed=0 age_skipped=34 matched=0
2025-09-03 11:37:11,827 INFO jobhunter: Source fetch_working_nomads returned 0 items
2025-09-03 11:37:11,828 INFO jobhunter: Calling source: fetch_weworkremotely
2025-09-03 11:37:11,828 DEBUG jobhunter: fetch_weworkremotely start: keywords=['software developer', 'software engineer', 'developer', 'full stack engineer', 'fullstack developer'] max_age_seconds=86400
2025-09-03 11:37:12,323 DEBUG jobhunter: weworkremotely total items=25
2025-09-03 11:37:12,324 DEBUG jobhunter: fetch_weworkremotely stats parsed=25 parse_failed=0 age_skipped=25 matched=0
2025-09-03 11:37:12,324 INFO jobhunter: Source fetch_weworkremotely returned 0 items
2025-09-03 11:37:12,324 INFO jobhunter: Total results after aggregation: 0
2025-09-03 11:38:14,119 INFO jobhunter: Starting Flask app on 0.0.0.0:8000
2025-09-03 11:38:16,808 DEBUG jobhunter: Received POST request for /
2025-09-03 11:38:16,809 DEBUG jobhunter: Form raw inputs: keywords=software developer, software engineer, developer, full stack engineer, fullstack developer hours=24
2025-09-03 11:38:16,809 DEBUG jobhunter: Normalized keywords: software developer, software engineer, developer, full stack engineer, fullstack developer -> ['software developer', 'software engineer', 'developer', 'full stack engineer', 'fullstack developer']
2025-09-03 11:38:16,809 INFO jobhunter: Searching with tags=['software developer', 'software engineer', 'developer', 'full stack engineer', 'fullstack developer'] max_age_seconds=86400
2025-09-03 11:38:16,810 INFO jobhunter: Calling source: fetch_remoteok
2025-09-03 11:38:16,810 DEBUG jobhunter: fetch_remoteok start: keywords=['software developer', 'software engineer', 'developer', 'full stack engineer', 'fullstack developer'] max_age_seconds=86400
2025-09-03 11:38:16,955 DEBUG jobhunter: remoteok status_code=200
2025-09-03 11:38:16,956 DEBUG jobhunter: remoteok total items=98
2025-09-03 11:38:16,958 DEBUG jobhunter: fetch_remoteok found=0
2025-09-03 11:38:16,959 INFO jobhunter: Source fetch_remoteok returned 0 items
2025-09-03 11:38:16,959 INFO jobhunter: Calling source: fetch_remoteio
2025-09-03 11:38:16,959 DEBUG jobhunter: fetch_remoteio start: keywords=['software developer', 'software engineer', 'developer', 'full stack engineer', 'fullstack developer'] max_age_seconds=86400
2025-09-03 11:38:17,238 DEBUG jobhunter: remoteio total items=0
2025-09-03 11:38:17,239 DEBUG jobhunter: fetch_remoteio found=0
2025-09-03 11:38:17,239 INFO jobhunter: Source fetch_remoteio returned 0 items
2025-09-03 11:38:17,239 INFO jobhunter: Calling source: fetch_working_nomads
2025-09-03 11:38:17,239 DEBUG jobhunter: fetch_working_nomads start: keywords=['software developer', 'software engineer', 'developer', 'full stack engineer', 'fullstack developer'] max_age_seconds=86400
2025-09-03 11:38:22,364 DEBUG jobhunter: workingnomads status_code=200
2025-09-03 11:38:22,367 DEBUG jobhunter: workingnomads total items=34
2025-09-03 11:38:22,368 DEBUG jobhunter: fetch_working_nomads found=0
2025-09-03 11:38:22,374 INFO jobhunter: Source fetch_working_nomads returned 0 items
2025-09-03 11:38:22,374 INFO jobhunter: Calling source: fetch_weworkremotely
2025-09-03 11:38:22,375 DEBUG jobhunter: fetch_weworkremotely start: keywords=['software developer', 'software engineer', 'developer', 'full stack engineer', 'fullstack developer'] max_age_seconds=86400
2025-09-03 11:38:22,793 DEBUG jobhunter: weworkremotely total items=25
2025-09-03 11:38:22,794 DEBUG jobhunter: fetch_weworkremotely found=0
2025-09-03 11:38:22,794 INFO jobhunter: Source fetch_weworkremotely returned 0 items
2025-09-03 11:38:22,794 INFO jobhunter: Total results after aggregation: 0
2025-09-03 11:38:30,761 DEBUG jobhunter: Received POST request for /
2025-09-03 11:38:30,761 DEBUG jobhunter: Form raw inputs: keywords=software developer, software engineer, developer, full stack engineer, fullstack developer hours=168
2025-09-03 11:38:30,761 DEBUG jobhunter: Normalized keywords: software developer, software engineer, developer, full stack engineer, fullstack developer -> ['software developer', 'software engineer', 'developer', 'full stack engineer', 'fullstack developer']
2025-09-03 11:38:30,761 INFO jobhunter: Searching with tags=['software developer', 'software engineer', 'developer', 'full stack engineer', 'fullstack developer'] max_age_seconds=604800
2025-09-03 11:38:30,761 INFO jobhunter: Calling source: fetch_remoteok
2025-09-03 11:38:30,762 DEBUG jobhunter: fetch_remoteok start: keywords=['software developer', 'software engineer', 'developer', 'full stack engineer', 'fullstack developer'] max_age_seconds=604800
2025-09-03 11:38:30,923 DEBUG jobhunter: remoteok status_code=200
2025-09-03 11:38:30,924 DEBUG jobhunter: remoteok total items=98
2025-09-03 11:38:30,925 DEBUG jobhunter: matches_keywords: matched user keyword "developer" in text
2025-09-03 11:38:30,925 DEBUG jobhunter: matches_keywords: matched user keyword "developer" in text
2025-09-03 11:38:30,925 DEBUG jobhunter: matches_keywords: matched user keyword "developer" in text
2025-09-03 11:38:30,926 DEBUG jobhunter: fetch_remoteok found=3
2025-09-03 11:38:30,927 INFO jobhunter: Source fetch_remoteok returned 3 items
2025-09-03 11:38:30,927 INFO jobhunter: Calling source: fetch_remoteio
2025-09-03 11:38:30,927 DEBUG jobhunter: fetch_remoteio start: keywords=['software developer', 'software engineer', 'developer', 'full stack engineer', 'fullstack developer'] max_age_seconds=604800
2025-09-03 11:38:31,153 DEBUG jobhunter: remoteio total items=0
2025-09-03 11:38:31,153 DEBUG jobhunter: fetch_remoteio found=0
2025-09-03 11:38:31,154 INFO jobhunter: Source fetch_remoteio returned 0 items
2025-09-03 11:38:31,154 INFO jobhunter: Calling source: fetch_working_nomads
2025-09-03 11:38:31,154 DEBUG jobhunter: fetch_working_nomads start: keywords=['software developer', 'software engineer', 'developer', 'full stack engineer', 'fullstack developer'] max_age_seconds=604800
2025-09-03 11:38:37,037 DEBUG jobhunter: workingnomads status_code=200
2025-09-03 11:38:37,038 DEBUG jobhunter: workingnomads total items=34
2025-09-03 11:38:37,038 DEBUG jobhunter: fetch_working_nomads found=0
2025-09-03 11:38:37,040 INFO jobhunter: Source fetch_working_nomads returned 0 items
2025-09-03 11:38:37,041 INFO jobhunter: Calling source: fetch_weworkremotely
2025-09-03 11:38:37,041 DEBUG jobhunter: fetch_weworkremotely start: keywords=['software developer', 'software engineer', 'developer', 'full stack engineer', 'fullstack developer'] max_age_seconds=604800
2025-09-03 11:38:37,483 DEBUG jobhunter: weworkremotely total items=25
2025-09-03 11:38:37,483 DEBUG jobhunter: fetch_weworkremotely found=0
2025-09-03 11:38:37,483 INFO jobhunter: Source fetch_weworkremotely returned 0 items
2025-09-03 11:38:37,483 INFO jobhunter: Total results after aggregation: 3
2025-09-03 11:40:01,190 DEBUG jobhunter: Received POST request for /
2025-09-03 11:40:01,191 DEBUG jobhunter: Form raw inputs: keywords=frontend developer, frontend, front end, front-end, frontend engineer hours=168
2025-09-03 11:40:01,191 DEBUG jobhunter: Normalized keywords: frontend developer, frontend, front end, front-end, frontend engineer -> ['frontend developer', 'frontend', 'front end', 'front-end', 'frontend engineer']
2025-09-03 11:40:01,191 INFO jobhunter: Searching with tags=['frontend developer', 'frontend', 'front end', 'front-end', 'frontend engineer'] max_age_seconds=604800
2025-09-03 11:40:01,191 INFO jobhunter: Calling source: fetch_remoteok
2025-09-03 11:40:01,191 DEBUG jobhunter: fetch_remoteok start: keywords=['frontend developer', 'frontend', 'front end', 'front-end', 'frontend engineer'] max_age_seconds=604800
2025-09-03 11:40:01,377 DEBUG jobhunter: remoteok status_code=200
2025-09-03 11:40:01,379 DEBUG jobhunter: remoteok total items=98
2025-09-03 11:40:01,379 DEBUG jobhunter: matches_keywords: matched user keyword "frontend" in text
2025-09-03 11:40:01,380 DEBUG jobhunter: fetch_remoteok found=1
2025-09-03 11:40:01,380 INFO jobhunter: Source fetch_remoteok returned 1 items
2025-09-03 11:40:01,381 INFO jobhunter: Calling source: fetch_remoteio
2025-09-03 11:40:01,381 DEBUG jobhunter: fetch_remoteio start: keywords=['frontend developer', 'frontend', 'front end', 'front-end', 'frontend engineer'] max_age_seconds=604800
2025-09-03 11:40:01,635 DEBUG jobhunter: remoteio total items=0
2025-09-03 11:40:01,635 DEBUG jobhunter: fetch_remoteio found=0
2025-09-03 11:40:01,636 INFO jobhunter: Source fetch_remoteio returned 0 items
2025-09-03 11:40:01,636 INFO jobhunter: Calling source: fetch_working_nomads
2025-09-03 11:40:01,636 DEBUG jobhunter: fetch_working_nomads start: keywords=['frontend developer', 'frontend', 'front end', 'front-end', 'frontend engineer'] max_age_seconds=604800
2025-09-03 11:40:04,366 DEBUG jobhunter: workingnomads status_code=200
2025-09-03 11:40:04,368 DEBUG jobhunter: workingnomads total items=34
2025-09-03 11:40:04,370 DEBUG jobhunter: fetch_working_nomads found=0
2025-09-03 11:40:04,376 INFO jobhunter: Source fetch_working_nomads returned 0 items
2025-09-03 11:40:04,377 INFO jobhunter: Calling source: fetch_weworkremotely
2025-09-03 11:40:04,377 DEBUG jobhunter: fetch_weworkremotely start: keywords=['frontend developer', 'frontend', 'front end', 'front-end', 'frontend engineer'] max_age_seconds=604800
2025-09-03 11:40:04,876 DEBUG jobhunter: weworkremotely total items=25
2025-09-03 11:40:04,876 DEBUG jobhunter: fetch_weworkremotely found=0
2025-09-03 11:40:04,876 INFO jobhunter: Source fetch_weworkremotely returned 0 items
2025-09-03 11:40:04,876 INFO jobhunter: Total results after aggregation: 1
